2023-04-10 13:37:20 URL:https://webpages.charlotte.edu/zwartell/Teaching/WebGL%20Tutorial%201/index.html [76368/76368] -> "index.html.tmp.tmp" [1]
https://webpages.charlotte.edu/robots.txt:
2023-04-10 13:37:22 ERROR 404: Not Found.
2023-04-10 13:37:25 URL:https://gitlab.com/robots.txt [2339/2339] -> "robots.txt" [1]
2023-04-10 13:37:29 URL:https://creativecommons.org/robots.txt [35/35] -> "robots.txt" [1]
https://licensebuttons.net/robots.txt:
2023-04-10 13:37:34 ERROR 404: Not Found.
https://webpages.charlotte.edu/robots.txt:
2023-04-10 13:37:38 ERROR 404: Not Found.
https://read.amazon.com/robots.txt:
2023-04-10 13:37:40 ERROR 404: Not Found.
2023-04-10 13:37:42 URL:https://developer.mozilla.org/robots.txt [320/320] -> "robots.txt" [1]
2023-04-10 13:37:44 URL:https://code.visualstudio.com/robots.txt [79/79] -> "robots.txt" [1]
2023-04-10 13:37:46 URL:https://cdnapisec.kaltura.com/robots.txt [105/105] -> "robots.txt" [1]
2023-04-10 13:37:49 URL:https://man7.org/robots.txt [110/110] -> "robots.txt" [1]
unlink: Permission denied
https://mathworld.wolfram.com/robots.txt:
2023-04-10 13:37:52 ERROR 403: Forbidden.
2023-04-10 13:37:56 URL:https://webpages.charlotte.edu/zwartell/Teaching/WebGL%20Tutorial%201/css/zjwgi/third-party/toc.css [1358/1358] -> "toc.css.tmp.tmp" [1]
2023-04-10 13:38:00 URL:https://webpages.charlotte.edu/zwartell/Teaching/WebGL%20Tutorial%201/css/zjwgi/ClassAssignmentWartell.css [11042/11042] -> "ClassAssignmentWartell.css.tmp.tmp" [1]
2023-04-10 13:38:04 URL:https://webpages.charlotte.edu/zwartell/Teaching/WebGL%20Tutorial%201/css/zjwgi/GUI.css [2373/2373] -> "GUI.css.tmp.tmp" [1]
2023-04-10 13:38:08 URL:https://webpages.charlotte.edu/zwartell/Teaching/WebGL%20Tutorial%201/css/zjwgi/generic_instructions.css [4735/4735] -> "generic_instructions.css.tmp.tmp" [1]
2023-04-10 13:38:12 URL:https://webpages.charlotte.edu/zwartell/Teaching/WebGL%20Tutorial%201/css/zjwgi/generic_instructions-print.css [334/334] -> "generic_instructions-print.css.tmp.tmp" [1]
https://webpages.charlotte.edu/zwartell/Teaching/WebGL%20Tutorial%201/html/zjwgi/help.html:
Remote file does not exist -- broken link!!!
https://gitlab.com/zwartell/webgl-tutorial-1/-/commits/version2:
Remote file does not exist -- broken link!!!
2023-04-10 13:38:20 URL:http://creativecommons.org/licenses/by-nc-sa/4.0/ [39776] -> "index.html.tmp.tmp" [1]
2023-04-10 13:38:24 URL: https://licensebuttons.net/l/by-nc-sa/4.0/88x31.png 200 OK
unlink: No such file or directory
2023-04-10 13:38:30 URL:https://webpages.charlotte.edu/zwartell/ [161797/161797] -> "index.html.tmp.tmp" [1]
2023-04-10 13:38:39 URL:https://creativecommons.org/2015/08/05/4-0-bahasa-indonesia-translation-and-a-book/ [88430] -> "index.html.tmp.tmp" [1]
2023-04-10 13:38:41 URL:https://creativecommons.org/robots.txt [35/35] -> "robots.txt.1" [1]
https://www.amazon.com/ap/signin?openid.pape.max_auth_age=1209600&openid.return_to=https%3A%2F%2Fread.amazon.com%2F%3Fasin%3DB00DS74080&openid.identity=http%3A%2F%2Fspecs.openid.net%2Fauth%2F2.0%2Fidentifier_select&openid.assoc_handle=amzn_kindle_mykindle_us&openid.mode=checkid_setup&language=en_US&openid.claimed_id=http%3A%2F%2Fspecs.openid.net%2Fauth%2F2.0%2Fidentifier_select&openid.ns=http%3A%2F%2Fspecs.openid.net%2Fauth%2F2.0:
Remote file does not exist -- broken link!!!
2023-04-10 13:38:49 URL:https://developer.mozilla.org/en-US/docs/Web/HTTP/CORS [254344/254344] -> "CORS.tmp.tmp" [1]
2023-04-10 13:38:53 URL:https://code.visualstudio.com/ [50096/50096] -> "index.html.tmp.tmp" [1]
2023-04-10 13:38:57 URL:https://code.visualstudio.com/docs/introvideos/basics [73902/73902] -> "basics.tmp.tmp" [1]
2023-04-10 13:38:59 URL: https://webpages.charlotte.edu/zwartell/Teaching/WebGL%20Tutorial%201/images/live-server-icon.png 200 OK
unlink: No such file or directory
The destination name is too long (609), reducing to 236
The destination name is too long (609), reducing to 236
2023-04-10 13:39:06 URL:https://cdnapisec.kaltura.com/html5/html5lib/v2.97/mwEmbedFrame.php/p/247202/uiconf_id/28089382/entry_id/1_hd3gg1gn?wid=_247202&iframeembed=true&playerId=kaltura_player&entry_id=1_hd3gg1gn&flashvars[streamerType]=auto&flashvars[localizationCode]=en&flashvars[leadWithHTML5]=true&flashvars[sideBarContainer.plugin]=true&flashvars[sideBarContainer.position]=left&flashvars[sideBarContainer.clickToClose]=true&flashvars[chapters.plugin]=true&flashvars[chapters.layout]=vertical&flashvars[chapters.thumbnailRotator]=false&flashvars[streamSelector.plugin]=true&flashvars[EmbedPlayer.SpinnerTarget]=videoHolder&flashvars[dualScreen.plugin]=true&flashvars[hotspots.plugin]=1&flashvars[Kaltura.addCrossoriginToIframe]=true&&wid=1_3z5k2v3w [196455] -> "247202?iframeembed=true&playerId=kaltura_player&entry_id=1_hd3gg1gn&flashvars[streamerType]=auto&flashvars[localizationCode]=en&flashvars[leadWithHTML5]=true&flashvars[sideBarContainer.plugin]=true&flashvars[sideBarContainer.position]=l.tmp.tmp" [1]
2023-04-10 13:39:10 URL:https://webpages.charlotte.edu/zwartell/Teaching/Git%20Tutorial/Git%20Tutorial.html [206579/206579] -> "Git Tutorial.html.tmp.tmp" [1]
2023-04-10 13:39:15 URL:https://man7.org/linux/man-pages/man1/find.1.html [107823/107823] -> "find.1.html.tmp.tmp" [1]
2023-04-10 13:39:17 URL: https://webpages.charlotte.edu/zwartell/Teaching/WebGL%20Tutorial%201/images/colored-squares.png 200 OK
unlink: No such file or directory
2023-04-10 13:39:21 URL:https://developer.mozilla.org/en-US/docs/Web/JavaScript/Reference/Global_Objects/Math/random [71151/71151] -> "random.tmp.tmp" [1]
2023-04-10 13:39:23 URL: https://webpages.charlotte.edu/zwartell/Teaching/WebGL%20Tutorial%201/images/divided-square.png 200 OK
unlink: No such file or directory
https://mathworld.wolfram.com/ParametricEquations.html:
Remote file does not exist -- broken link!!!
2023-04-10 13:39:30 URL:https://developer.mozilla.org/en-US/docs/Web/API/Document/getElementById [115200/115200] -> "getElementById.tmp.tmp" [1]
2023-04-10 13:39:34 URL:https://developer.mozilla.org/en-US/docs/Web/API/HTMLElement/innerText [81847/81847] -> "innerText.tmp.tmp" [1]
Found 4 broken links.

https://www.amazon.com/ap/signin?openid.pape.max_auth_age=1209600&openid.return_to=https%3A%2F%2Fread.amazon.com%2F%3Fasin%3DB00DS74080&openid.identity=http%3A%2F%2Fspecs.openid.net%2Fauth%2F2.0%2Fidentifier_select&openid.assoc_handle=amzn_kindle_mykindle_us&openid.mode=checkid_setup&language=en_US&openid.claimed_id=http%3A%2F%2Fspecs.openid.net%2Fauth%2F2.0%2Fidentifier_select&openid.ns=http%3A%2F%2Fspecs.openid.net%2Fauth%2F2.0
https://webpages.charlotte.edu/zwartell/Teaching/WebGL%20Tutorial%201/html/zjwgi/help.html
https://gitlab.com/zwartell/webgl-tutorial-1/-/commits/version2
https://mathworld.wolfram.com/ParametricEquations.html

FINISHED --2023-04-10 13:39:34--
Total wall clock time: 2m 16s
Downloaded: 25 files, 1.5M in 0.9s (1.61 MB/s)
